====================================================
           COMPUTER PULSE - HARDWARE & NETWORK LOG   
====================================================
Timestamp          : 2026-09-22 11:36:21
Active Processes   : 168 running processes
CPU Utilization    : 59% load
----------------------------------------------------
Top 3 Memory-Consuming Processes:

Name          RAM_MB
----          ------
MsMpEng       271.29
chrome        227.20
WhatsApp.Root 185.10


----------------------------------------------------
Disk Storage Breakdown:

DeviceID FreeGB TotalGB
-------- ------ -------
C:       157.38  230.78
E:       234.28  234.37


----------------------------------------------------
Network Diagnostics:
Active IPv4 Address: 10.8.1.154
Internet Latency   : 86 ms (Target: 8.8.8.8)
====================================================
